// Jest Snapshot v1, https://goo.gl/fbAQLP

exports[`Pruebas en <ReactSampleRef /> debe mostrarse correctamente 1`] = `
<div>
  <h1>
    Sample Ref
  </h1>
  <hr />
  <button
    className="btn btn-primary mt-4"
    onClick={[Function]}
  >
    Show hide
  </button>
</div>
`;
